Backup Started: Tue Aug  4 14:30:44 UTC 2026
Backup Failed
------------------------
Backup Started: Tue Aug  4 14:33:43 UTC 2026
Backup Successful: /home/ubuntu/Linux-Administration-Backup-Automation/backups/application_backup_2026-08-04_14-33-43.tar.gz
------------------------
==============================
Backup Started: Tue Aug  4 14:39:03 UTC 2026
Backup Successful
Backup File: /home/ubuntu/Linux-Administration-Backup-Automation/backups/application_backup_2026-08-04_14-39-03.tar.gz
Backup Size: 4.0K
Backup Completed: Tue Aug  4 14:39:03 UTC 2026
==============================
==============================
Backup Started: Tue Aug  4 14:44:41 UTC 2026
Backup Successful
Backup File: /home/ubuntu/Linux-Administration-Backup-Automation/backups/application_backup_2026-08-04_14-44-41.tar.gz
Backup Size: 4.0K
Backup Completed: Tue Aug  4 14:44:41 UTC 2026
==============================
==============================
Backup Started: Tue Aug  4 22:00:01 UTC 2026
Backup Successful
Backup File: /home/ubuntu/Linux-Administration-Backup-Automation/backups/application_backup_2026-08-04_22-00-01.tar.gz
Backup Size: 4.0K
Backup Completed: Tue Aug  4 22:00:01 UTC 2026
==============================
==============================
Backup Started: Wed Aug  5 10:55:27 UTC 2026
Backup Successful
Backup File: /backup-storage/backups/application_backup_2026-08-05_10-55-27.tar.gz
Backup Size: 4.0K
Backup Completed: Wed Aug  5 10:55:27 UTC 2026
==============================
==============================
Backup Started: Wed Aug  5 11:16:08 UTC 2026
Backup Successful
Backup File: /backup-storage/backups/application_backup_2026-08-05_11-16-08.tar.gz
Backup Size: 4.0K
Backup Completed: Wed Aug  5 11:16:08 UTC 2026
==============================
==============================
Backup Started: Wed Aug  5 11:35:34 UTC 2026
Backup Successful
Backup File: /backup-storage/backups/application_backup_2026-08-05_11-35-34.tar.gz
Backup Size: 4.0K
Backup Completed: Wed Aug  5 11:35:34 UTC 2026
==============================
